// Vitest Snapshot v1

exports[`Button.vue > snapshot 1`] = `
<body>
  <div>
    <button
      class="el-button"
      type="button"
    >
      <!--v-if-->
      <!--v-if-->
    </button>
  </div>
</body>
`;
