// Vitest Snapshot v1

exports[`Divider.vue > snapshot 1`] = `
<div
  class="el-divider el-divider--horizontal is-solid"
>
  <!--v-if-->
</div>
`;
